// Jest Snapshot v1, https://goo.gl/fbAQLP

exports[`testing books list should render an array of books list 1`] = `
Object {
  "asFragment": [Function],
  "baseElement": <body>
    <div>
      <div
        class="listLivre"
      >
        <header>
          <h1>
            List of Books
          </h1>
          <nav>
            <input
              name="search"
              placeholder="Search By Title, Author..."
              type="text"
              value=""
            />
          </nav>
        </header>
        <hr />
        <section>
          <div
            class="book"
          >
            <img
              alt="Help Me FindMy Stomach"
              src="5.PNG"
            />
            <span>
              Art & Photography
            </span>
            <hr />
            <label
              id="Disponible"
            >
              Disponible
            </label>
            <b
              data-testid="titre-book"
            >
              Help Me FindMy Stomach
            </b>
            <b />
            <span>
              By 
              Angela Gunning
            </span>
            <h5>
              2
               Copies
            </h5>
            <p>
              Emprunter
            </p>
          </div>
          <div
            class="book"
          >
            <img
              alt="Drive Safely,No Bumping"
              src="2.PNG"
            />
            <span>
              Art & Photography
            </span>
            <hr />
            <label
              id="Disponible"
            >
              Disponible
            </label>
            <b
              data-testid="titre-book"
            >
              Drive Safely,No Bumping
            </b>
            <b />
            <span>
              By 
              Angela Gunning
            </span>
            <h5>
              2
               Copies
            </h5>
            <p>
              Emprunter
            </p>
          </div>
          <div
            class="book"
          >
            <img
              alt="Let the Good Times Roll Up"
              src="3.PNG"
            />
            <span>
              Art & Photography
            </span>
            <hr />
            <label
              id="Disponible"
            >
              Disponible
            </label>
            <b
              data-testid="titre-book"
            >
              Let the Good Times Roll Up
            </b>
            <b />
            <span>
              By 
              Angela Gunning
            </span>
            <h5>
              2
               Copies
            </h5>
            <p>
              Emprunter
            </p>
          </div>
          <div
            class="book"
          >
            <img
              alt="Out State Fair Is A Great State Fair"
              src="4.PNG"
            />
            <span>
              Art & Photography
            </span>
            <hr />
            <label
              id="Disponible"
            >
              Disponible
            </label>
            <b
              data-testid="titre-book"
            >
              Out State Fair Is A Great State Fair
            </b>
            <b />
            <span>
              By 
              Angela Gunning
            </span>
            <h5>
              2
               Copies
            </h5>
            <p>
              Emprunter
            </p>
          </div>
          <div
            class="book"
          >
            <img
              alt="Put The Petal To The Metal"
              src="5.PNG"
            />
            <span>
              Art & Photography
            </span>
            <hr />
            <label
              id="Disponible"
            >
              Disponible
            </label>
            <b
              data-testid="titre-book"
            >
              Put The Petal To The Metal
            </b>
            <b />
            <span>
              By 
              Angela Gunning
            </span>
            <h5>
              2
               Copies
            </h5>
            <p>
              Emprunter
            </p>
          </div>
          <div
            class="book"
          >
            <img
              alt="Help Me Find My Stomach"
              src="3.PNG"
            />
            <span>
              Art & Photography
            </span>
            <hr />
            <label
              id="Disponible"
            >
              Disponible
            </label>
            <b
              data-testid="titre-book"
            >
              Help Me Find My Stomach
            </b>
            <b />
            <span>
              By 
              Angela Gunning
            </span>
            <h5>
              2
               Copies
            </h5>
            <p>
              Emprunter
            </p>
          </div>
          <div
            class="book"
          >
            <img
              alt="Help Me Find My Stomach"
              src="4.PNG"
            />
            <span>
              Art & Photography
            </span>
            <hr />
            <label
              id="Disponible"
            >
              Disponible
            </label>
            <b
              data-testid="titre-book"
            >
              Help Me Find My Stomach
            </b>
            <b />
            <span>
              By 
              Angela Gunning
            </span>
            <h5>
              2
               Copies
            </h5>
            <p>
              Emprunter
            </p>
          </div>
          <div
            class="book"
          >
            <img
              alt="Help Me Find My Stomach"
              src="5.PNG"
            />
            <span>
              Art & Photography
            </span>
            <hr />
            <label
              id="Disponible"
            >
              Disponible
            </label>
            <b
              data-testid="titre-book"
            >
              Help Me Find My Stomach
            </b>
            <b />
            <span>
              By 
              Angela Gunning
            </span>
            <h5>
              2
               Copies
            </h5>
            <p>
              Emprunter
            </p>
          </div>
          <div
            class="book"
          >
            <img
              alt="Help Me Find My Stomach"
              src="2.PNG"
            />
            <span>
              Art & Photography
            </span>
            <hr />
            <label
              id="Disponible"
            >
              Disponible
            </label>
            <b
              data-testid="titre-book"
            >
              Help Me Find My Stomach
            </b>
            <b />
            <span>
              By 
              Angela Gunning
            </span>
            <h5>
              2
               Copies
            </h5>
            <p>
              Emprunter
            </p>
          </div>
          <div
            class="book"
          >
            <img
              alt="Help Me Find My Stomach"
              src="3.PNG"
            />
            <span>
              Art & Photography
            </span>
            <hr />
            <label
              id="Disponible"
            >
              Disponible
            </label>
            <b
              data-testid="titre-book"
            >
              Help Me Find My Stomach
            </b>
            <b />
            <span>
              By 
              Angela Gunning
            </span>
            <h5>
              2
               Copies
            </h5>
            <p>
              Emprunter
            </p>
          </div>
        </section>
      </div>
    </div>
  </body>,
  "container": <div>
    <div
      class="listLivre"
    >
      <header>
        <h1>
          List of Books
        </h1>
        <nav>
          <input
            name="search"
            placeholder="Search By Title, Author..."
            type="text"
            value=""
          />
        </nav>
      </header>
      <hr />
      <section>
        <div
          class="book"
        >
          <img
            alt="Help Me FindMy Stomach"
            src="5.PNG"
          />
          <span>
            Art & Photography
          </span>
          <hr />
          <label
            id="Disponible"
          >
            Disponible
          </label>
          <b
            data-testid="titre-book"
          >
            Help Me FindMy Stomach
          </b>
          <b />
          <span>
            By 
            Angela Gunning
          </span>
          <h5>
            2
             Copies
          </h5>
          <p>
            Emprunter
          </p>
        </div>
        <div
          class="book"
        >
          <img
            alt="Drive Safely,No Bumping"
            src="2.PNG"
          />
          <span>
            Art & Photography
          </span>
          <hr />
          <label
            id="Disponible"
          >
            Disponible
          </label>
          <b
            data-testid="titre-book"
          >
            Drive Safely,No Bumping
          </b>
          <b />
          <span>
            By 
            Angela Gunning
          </span>
          <h5>
            2
             Copies
          </h5>
          <p>
            Emprunter
          </p>
        </div>
        <div
          class="book"
        >
          <img
            alt="Let the Good Times Roll Up"
            src="3.PNG"
          />
          <span>
            Art & Photography
          </span>
          <hr />
          <label
            id="Disponible"
          >
            Disponible
          </label>
          <b
            data-testid="titre-book"
          >
            Let the Good Times Roll Up
          </b>
          <b />
          <span>
            By 
            Angela Gunning
          </span>
          <h5>
            2
             Copies
          </h5>
          <p>
            Emprunter
          </p>
        </div>
        <div
          class="book"
        >
          <img
            alt="Out State Fair Is A Great State Fair"
            src="4.PNG"
          />
          <span>
            Art & Photography
          </span>
          <hr />
          <label
            id="Disponible"
          >
            Disponible
          </label>
          <b
            data-testid="titre-book"
          >
            Out State Fair Is A Great State Fair
          </b>
          <b />
          <span>
            By 
            Angela Gunning
          </span>
          <h5>
            2
             Copies
          </h5>
          <p>
            Emprunter
          </p>
        </div>
        <div
          class="book"
        >
          <img
            alt="Put The Petal To The Metal"
            src="5.PNG"
          />
          <span>
            Art & Photography
          </span>
          <hr />
          <label
            id="Disponible"
          >
            Disponible
          </label>
          <b
            data-testid="titre-book"
          >
            Put The Petal To The Metal
          </b>
          <b />
          <span>
            By 
            Angela Gunning
          </span>
          <h5>
            2
             Copies
          </h5>
          <p>
            Emprunter
          </p>
        </div>
        <div
          class="book"
        >
          <img
            alt="Help Me Find My Stomach"
            src="3.PNG"
          />
          <span>
            Art & Photography
          </span>
          <hr />
          <label
            id="Disponible"
          >
            Disponible
          </label>
          <b
            data-testid="titre-book"
          >
            Help Me Find My Stomach
          </b>
          <b />
          <span>
            By 
            Angela Gunning
          </span>
          <h5>
            2
             Copies
          </h5>
          <p>
            Emprunter
          </p>
        </div>
        <div
          class="book"
        >
          <img
            alt="Help Me Find My Stomach"
            src="4.PNG"
          />
          <span>
            Art & Photography
          </span>
          <hr />
          <label
            id="Disponible"
          >
            Disponible
          </label>
          <b
            data-testid="titre-book"
          >
            Help Me Find My Stomach
          </b>
          <b />
          <span>
            By 
            Angela Gunning
          </span>
          <h5>
            2
             Copies
          </h5>
          <p>
            Emprunter
          </p>
        </div>
        <div
          class="book"
        >
          <img
            alt="Help Me Find My Stomach"
            src="5.PNG"
          />
          <span>
            Art & Photography
          </span>
          <hr />
          <label
            id="Disponible"
          >
            Disponible
          </label>
          <b
            data-testid="titre-book"
          >
            Help Me Find My Stomach
          </b>
          <b />
          <span>
            By 
            Angela Gunning
          </span>
          <h5>
            2
             Copies
          </h5>
          <p>
            Emprunter
          </p>
        </div>
        <div
          class="book"
        >
          <img
            alt="Help Me Find My Stomach"
            src="2.PNG"
          />
          <span>
            Art & Photography
          </span>
          <hr />
          <label
            id="Disponible"
          >
            Disponible
          </label>
          <b
            data-testid="titre-book"
          >
            Help Me Find My Stomach
          </b>
          <b />
          <span>
            By 
            Angela Gunning
          </span>
          <h5>
            2
             Copies
          </h5>
          <p>
            Emprunter
          </p>
        </div>
        <div
          class="book"
        >
          <img
            alt="Help Me Find My Stomach"
            src="3.PNG"
          />
          <span>
            Art & Photography
          </span>
          <hr />
          <label
            id="Disponible"
          >
            Disponible
          </label>
          <b
            data-testid="titre-book"
          >
            Help Me Find My Stomach
          </b>
          <b />
          <span>
            By 
            Angela Gunning
          </span>
          <h5>
            2
             Copies
          </h5>
          <p>
            Emprunter
          </p>
        </div>
      </section>
    </div>
  </div>,
  "debug": [Function],
  "findAllByAltText": [Function],
  "findAllByDisplayValue": [Function],
  "findAllByLabelText": [Function],
  "findAllByPlaceholderText": [Function],
  "findAllByRole": [Function],
  "findAllByTestId": [Function],
  "findAllByText": [Function],
  "findAllByTitle": [Function],
  "findByAltText": [Function],
  "findByDisplayValue": [Function],
  "findByLabelText": [Function],
  "findByPlaceholderText": [Function],
  "findByRole": [Function],
  "findByTestId": [Function],
  "findByText": [Function],
  "findByTitle": [Function],
  "getAllByAltText": [Function],
  "getAllByDisplayValue": [Function],
  "getAllByLabelText": [Function],
  "getAllByPlaceholderText": [Function],
  "getAllByRole": [Function],
  "getAllByTestId": [Function],
  "getAllByText": [Function],
  "getAllByTitle": [Function],
  "getByAltText": [Function],
  "getByDisplayValue": [Function],
  "getByLabelText": [Function],
  "getByPlaceholderText": [Function],
  "getByRole": [Function],
  "getByTestId": [Function],
  "getByText": [Function],
  "getByTitle": [Function],
  "queryAllByAltText": [Function],
  "queryAllByDisplayValue": [Function],
  "queryAllByLabelText": [Function],
  "queryAllByPlaceholderText": [Function],
  "queryAllByRole": [Function],
  "queryAllByTestId": [Function],
  "queryAllByText": [Function],
  "queryAllByTitle": [Function],
  "queryByAltText": [Function],
  "queryByDisplayValue": [Function],
  "queryByLabelText": [Function],
  "queryByPlaceholderText": [Function],
  "queryByRole": [Function],
  "queryByTestId": [Function],
  "queryByText": [Function],
  "queryByTitle": [Function],
  "rerender": [Function],
  "unmount": [Function],
}
`;
